2026-08-13T17:52:56.961Z  INFO 22488 --- [dsi-dashboard-backend] [main] m.gov.sante.dsi.DsiDashboardApplication  : Starting DsiDashboardApplication using Java 24.0.1 with PID 22488 (C:\Users\defaultuser0\Downloads\Projet DSI\backend\target\classes started by defaultuser0 in C:\Users\defaultuser0\Downloads\Projet DSI\backend)
2026-08-13T17:52:56.986Z DEBUG 22488 --- [dsi-dashboard-backend] [main] m.gov.sante.dsi.DsiDashboardApplication  : Running with Spring Boot v3.2.5, Spring v6.1.6
2026-08-13T17:52:56.989Z  INFO 22488 --- [dsi-dashboard-backend] [main] m.gov.sante.dsi.DsiDashboardApplication  : No active profile set, falling back to 1 default profile: "default"
2026-08-13T17:52:58.479Z  INFO 22488 --- [dsi-dashboard-backend] [main] .s.d.r.c.RepositoryConfigurationDelegate : Bootstrapping Spring Data JPA repositories in DEFAULT mode.
2026-08-13T17:52:58.618Z  INFO 22488 --- [dsi-dashboard-backend] [main] .s.d.r.c.RepositoryConfigurationDelegate : Finished Spring Data repository scanning in 118 ms. Found 5 JPA repository interfaces.
2026-08-13T17:52:59.696Z  INFO 22488 --- [dsi-dashboard-backend] [main] o.s.b.w.embedded.tomcat.TomcatWebServer  : Tomcat initialized with port 8080 (http)
2026-08-13T17:52:59.722Z  INFO 22488 --- [dsi-dashboard-backend] [main] o.apache.catalina.core.StandardService   : Starting service [Tomcat]
2026-08-13T17:52:59.723Z  INFO 22488 --- [dsi-dashboard-backend] [main] o.apache.catalina.core.StandardEngine    : Starting Servlet engine: [Apache Tomcat/10.1.20]
2026-08-13T17:52:59.819Z  INFO 22488 --- [dsi-dashboard-backend] [main] o.a.c.c.C.[Tomcat].[localhost].[/api]    : Initializing Spring embedded WebApplicationContext
2026-08-13T17:52:59.819Z  INFO 22488 --- [dsi-dashboard-backend] [main] w.s.c.ServletWebServerApplicationContext : Root WebApplicationContext: initialization completed in 2635 ms
2026-08-13T17:53:00.131Z  INFO 22488 --- [dsi-dashboard-backend] [main] o.hibernate.jpa.internal.util.LogHelper  : HHH000204: Processing PersistenceUnitInfo [name: default]
2026-08-13T17:53:00.230Z  INFO 22488 --- [dsi-dashboard-backend] [main] org.hibernate.Version                    : HHH000412: Hibernate ORM core version 6.4.4.Final
2026-08-13T17:53:00.292Z  INFO 22488 --- [dsi-dashboard-backend] [main] o.h.c.internal.RegionFactoryInitiator    : HHH000026: Second-level cache disabled
2026-08-13T17:53:00.705Z  INFO 22488 --- [dsi-dashboard-backend] [main] o.s.o.j.p.SpringPersistenceUnitInfo      : No LoadTimeWeaver setup: ignoring JPA class transformer
2026-08-13T17:53:00.771Z  INFO 22488 --- [dsi-dashboard-backend] [main] com.zaxxer.hikari.HikariDataSource       : HikariPool-1 - Starting...
2026-08-13T17:53:01.023Z  INFO 22488 --- [dsi-dashboard-backend] [main] com.zaxxer.hikari.pool.HikariPool        : HikariPool-1 - Added connection org.postgresql.jdbc.PgConnection@1d6713dd
2026-08-13T17:53:01.026Z  INFO 22488 --- [dsi-dashboard-backend] [main] com.zaxxer.hikari.HikariDataSource       : HikariPool-1 - Start completed.
2026-08-13T17:53:01.153Z  WARN 22488 --- [dsi-dashboard-backend] [main] org.hibernate.orm.deprecation            : HHH90000025: PostgreSQLDialect does not need to be specified explicitly using 'hibernate.dialect' (remove the property setting and it will be selected by default)
2026-08-13T17:53:01.213Z DEBUG 22488 --- [dsi-dashboard-backend] [main] o.h.t.d.sql.spi.DdlTypeRegistry          : addDescriptor(2003, org.hibernate.type.descriptor.sql.internal.ArrayDdlTypeImpl@3e8b8f0) replaced previous registration(org.hibernate.type.descriptor.sql.internal.ArrayDdlTypeImpl@5ad57e90)
2026-08-13T17:53:01.214Z DEBUG 22488 --- [dsi-dashboard-backend] [main] o.h.t.d.sql.spi.DdlTypeRegistry          : addDescriptor(6, org.hibernate.type.descriptor.sql.internal.CapacityDependentDdlType@1a345298) replaced previous registration(org.hibernate.type.descriptor.sql.internal.DdlTypeImpl@4ad896f7)
2026-08-13T17:53:02.828Z  INFO 22488 --- [dsi-dashboard-backend] [main] o.h.e.t.j.p.i.JtaPlatformInitiator       : HHH000489: No JTA platform available (set 'hibernate.transaction.jta.platform' to enable JTA platform integration)
2026-08-13T17:53:03.206Z  INFO 22488 --- [dsi-dashboard-backend] [main] j.LocalContainerEntityManagerFactoryBean : Initialized JPA EntityManagerFactory for persistence unit 'default'
2026-08-13T17:53:03.623Z  INFO 22488 --- [dsi-dashboard-backend] [main] o.s.d.j.r.query.QueryEnhancerFactory     : Hibernate is in classpath; If applicable, HQL parser will be used.
2026-08-13T17:53:04.401Z DEBUG 22488 --- [dsi-dashboard-backend] [main] m.g.s.d.s.JwtAuthenticationFilter        : Filter 'jwtAuthenticationFilter' configured for use
2026-08-13T17:53:05.390Z  INFO 22488 --- [dsi-dashboard-backend] [main] o.s.s.web.DefaultSecurityFilterChain     : Will secure any request with [org.springframework.security.web.session.DisableEncodeUrlFilter@1a5478e8, org.springframework.security.web.context.request.async.WebAsyncManagerIntegrationFilter@7953a656, org.springframework.security.web.context.SecurityContextHolderFilter@51ea9f02, org.springframework.security.web.header.HeaderWriterFilter@32dab011, org.springframework.web.filter.CorsFilter@60f6c148, org.springframework.security.web.authentication.logout.LogoutFilter@70916715, ma.gov.sante.dsi.security.JwtAuthenticationFilter@3d95100f, org.springframework.security.web.savedrequest.RequestCacheAwareFilter@54ba7b3f, org.springframework.security.web.servletapi.SecurityContextHolderAwareRequestFilter@3f3b0b19, org.springframework.security.web.authentication.AnonymousAuthenticationFilter@3327406e, org.springframework.security.web.session.SessionManagementFilter@79b3f1c6, org.springframework.security.web.access.ExceptionTranslationFilter@3609b8f2, org.springframework.security.web.access.intercept.AuthorizationFilter@35eac1dd]
2026-08-13T17:53:05.864Z  INFO 22488 --- [dsi-dashboard-backend] [main] o.s.b.w.embedded.tomcat.TomcatWebServer  : Tomcat started on port 8080 (http) with context path '/api'
2026-08-13T17:53:05.879Z  INFO 22488 --- [dsi-dashboard-backend] [main] m.gov.sante.dsi.DsiDashboardApplication  : Started DsiDashboardApplication in 9.654 seconds (process running for 10.201)
2026-08-13T18:07:53.353Z  INFO 22488 --- [dsi-dashboard-backend] [http-nio-8080-exec-2] o.a.c.c.C.[Tomcat].[localhost].[/api]    : Initializing Spring DispatcherServlet 'dispatcherServlet'
2026-08-13T18:07:53.354Z  INFO 22488 --- [dsi-dashboard-backend] [http-nio-8080-exec-2] o.s.web.servlet.DispatcherServlet        : Initializing Servlet 'dispatcherServlet'
2026-08-13T18:07:53.358Z  INFO 22488 --- [dsi-dashboard-backend] [http-nio-8080-exec-2] o.s.web.servlet.DispatcherServlet        : Completed initialization in 4 ms
2026-08-13T18:07:53.393Z DEBUG 22488 --- [dsi-dashboard-backend] [http-nio-8080-exec-2] o.s.security.web.FilterChainProxy        : Securing OPTIONS /dashboard/stats
2026-08-13T18:07:53.393Z DEBUG 22488 --- [dsi-dashboard-backend] [http-nio-8080-exec-1] o.s.security.web.FilterChainProxy        : Securing OPTIONS /dashboard/stats
2026-08-13T18:07:53.471Z DEBUG 22488 --- [dsi-dashboard-backend] [http-nio-8080-exec-3] o.s.security.web.FilterChainProxy        : Securing GET /dashboard/stats
2026-08-13T18:07:53.473Z DEBUG 22488 --- [dsi-dashboard-backend] [http-nio-8080-exec-10] o.s.security.web.FilterChainProxy        : Securing GET /dashboard/stats
2026-08-13T18:07:53.680Z  WARN 22488 --- [dsi-dashboard-backend] [http-nio-8080-exec-3] m.g.s.d.s.JwtAuthenticationFilter        : Impossible d'extraire l'email du token JWT : JWT expired 1207199678 milliseconds ago at 2026-07-30T18:47:54.000Z. Current time: 2026-08-13T18:07:53.678Z. Allowed clock skew: 0 milliseconds.
2026-08-13T18:07:53.680Z  WARN 22488 --- [dsi-dashboard-backend] [http-nio-8080-exec-10] m.g.s.d.s.JwtAuthenticationFilter        : Impossible d'extraire l'email du token JWT : JWT expired 1207199678 milliseconds ago at 2026-07-30T18:47:54.000Z. Current time: 2026-08-13T18:07:53.678Z. Allowed clock skew: 0 milliseconds.
2026-08-13T18:07:53.684Z DEBUG 22488 --- [dsi-dashboard-backend] [http-nio-8080-exec-3] o.s.s.w.a.AnonymousAuthenticationFilter  : Set SecurityContextHolder to anonymous SecurityContext
2026-08-13T18:07:53.684Z DEBUG 22488 --- [dsi-dashboard-backend] [http-nio-8080-exec-10] o.s.s.w.a.AnonymousAuthenticationFilter  : Set SecurityContextHolder to anonymous SecurityContext
2026-08-13T18:07:53.689Z DEBUG 22488 --- [dsi-dashboard-backend] [http-nio-8080-exec-3] o.s.s.w.a.Http403ForbiddenEntryPoint     : Pre-authenticated entry point called. Rejecting access
2026-08-13T18:07:53.689Z DEBUG 22488 --- [dsi-dashboard-backend] [http-nio-8080-exec-10] o.s.s.w.a.Http403ForbiddenEntryPoint     : Pre-authenticated entry point called. Rejecting access
2026-08-13T18:07:53.704Z DEBUG 22488 --- [dsi-dashboard-backend] [http-nio-8080-exec-3] o.s.security.web.FilterChainProxy        : Securing GET /error
2026-08-13T18:07:53.704Z DEBUG 22488 --- [dsi-dashboard-backend] [http-nio-8080-exec-10] o.s.security.web.FilterChainProxy        : Securing GET /error
2026-08-13T18:07:53.705Z DEBUG 22488 --- [dsi-dashboard-backend] [http-nio-8080-exec-3] o.s.s.w.a.AnonymousAuthenticationFilter  : Set SecurityContextHolder to anonymous SecurityContext
2026-08-13T18:07:53.705Z DEBUG 22488 --- [dsi-dashboard-backend] [http-nio-8080-exec-10] o.s.s.w.a.AnonymousAuthenticationFilter  : Set SecurityContextHolder to anonymous SecurityContext
2026-08-13T18:07:53.706Z DEBUG 22488 --- [dsi-dashboard-backend] [http-nio-8080-exec-3] o.s.s.w.a.Http403ForbiddenEntryPoint     : Pre-authenticated entry point called. Rejecting access
2026-08-13T18:07:53.706Z DEBUG 22488 --- [dsi-dashboard-backend] [http-nio-8080-exec-10] o.s.s.w.a.Http403ForbiddenEntryPoint     : Pre-authenticated entry point called. Rejecting access
2026-08-13T18:09:27.305Z DEBUG 22488 --- [dsi-dashboard-backend] [http-nio-8080-exec-7] o.s.security.web.FilterChainProxy        : Securing OPTIONS /auth/register
2026-08-13T18:09:27.330Z DEBUG 22488 --- [dsi-dashboard-backend] [http-nio-8080-exec-8] o.s.security.web.FilterChainProxy        : Securing POST /auth/register
2026-08-13T18:09:27.350Z DEBUG 22488 --- [dsi-dashboard-backend] [http-nio-8080-exec-8] o.s.s.w.a.AnonymousAuthenticationFilter  : Set SecurityContextHolder to anonymous SecurityContext
2026-08-13T18:09:27.361Z DEBUG 22488 --- [dsi-dashboard-backend] [http-nio-8080-exec-8] o.s.security.web.FilterChainProxy        : Secured POST /auth/register
2026-08-13T18:09:28.364Z  INFO 22488 --- [dsi-dashboard-backend] [http-nio-8080-exec-8] ma.gov.sante.dsi.service.AuthService     : Tentative d'inscription pour l'email : ganameabdoulwahab.206@gmail.com
2026-08-13T18:09:28.914Z DEBUG 22488 --- [dsi-dashboard-backend] [http-nio-8080-exec-8] org.hibernate.SQL                        : 
    select
        u1_0.id,
        u1_0.actif,
        u1_0.departement_id,
        u1_0.email,
        u1_0.mot_de_passe,
        u1_0.nom,
        u1_0.role 
    from
        utilisateurs u1_0 
    where
        u1_0.email=?
2026-08-13T18:09:29.385Z DEBUG 22488 --- [dsi-dashboard-backend] [http-nio-8080-exec-8] org.hibernate.SQL                        : 
    insert 
    into
        utilisateurs
        (actif, departement_id, email, mot_de_passe, nom, role) 
    values
        (?, ?, ?, ?, ?, ?)
2026-08-13T18:09:29.464Z  INFO 22488 --- [dsi-dashboard-backend] [http-nio-8080-exec-8] ma.gov.sante.dsi.service.AuthService     : Inscription réussie pour : ganameabdoulwahab.206@gmail.com
2026-08-13T18:09:29.828Z DEBUG 22488 --- [dsi-dashboard-backend] [http-nio-8080-exec-9] o.s.security.web.FilterChainProxy        : Securing OPTIONS /dashboard/stats
2026-08-13T18:09:29.833Z DEBUG 22488 --- [dsi-dashboard-backend] [http-nio-8080-exec-4] o.s.security.web.FilterChainProxy        : Securing OPTIONS /dashboard/stats
2026-08-13T18:09:29.842Z DEBUG 22488 --- [dsi-dashboard-backend] [http-nio-8080-exec-1] o.s.security.web.FilterChainProxy        : Securing GET /dashboard/stats
2026-08-13T18:09:29.867Z DEBUG 22488 --- [dsi-dashboard-backend] [http-nio-8080-exec-1] org.hibernate.SQL                        : 
    select
        u1_0.id,
        u1_0.actif,
        u1_0.departement_id,
        u1_0.email,
        u1_0.mot_de_passe,
        u1_0.nom,
        u1_0.role 
    from
        utilisateurs u1_0 
    where
        u1_0.email=?
2026-08-13T18:09:29.940Z DEBUG 22488 --- [dsi-dashboard-backend] [http-nio-8080-exec-1] m.g.s.d.s.JwtAuthenticationFilter        : Utilisateur authentifié via JWT : ganameabdoulwahab.206@gmail.com | Rôle : [ROLE_AGENT]
2026-08-13T18:09:29.950Z DEBUG 22488 --- [dsi-dashboard-backend] [http-nio-8080-exec-1] o.s.security.web.FilterChainProxy        : Secured GET /dashboard/stats
2026-08-13T18:09:29.981Z DEBUG 22488 --- [dsi-dashboard-backend] [http-nio-8080-exec-1] horizationManagerBeforeMethodInterceptor : Authorizing method invocation ReflectiveMethodInvocation: public org.springframework.http.ResponseEntity ma.gov.sante.dsi.controller.DashboardController.getStats(ma.gov.sante.dsi.model.Utilisateur); target is of class [ma.gov.sante.dsi.controller.DashboardController]
2026-08-13T18:09:30.193Z DEBUG 22488 --- [dsi-dashboard-backend] [http-nio-8080-exec-1] horizationManagerBeforeMethodInterceptor : Authorized method invocation ReflectiveMethodInvocation: public org.springframework.http.ResponseEntity ma.gov.sante.dsi.controller.DashboardController.getStats(ma.gov.sante.dsi.model.Utilisateur); target is of class [ma.gov.sante.dsi.controller.DashboardController]
2026-08-13T18:09:30.193Z DEBUG 22488 --- [dsi-dashboard-backend] [http-nio-8080-exec-1] m.g.sante.dsi.service.DashboardService   : Calcul des statistiques pour l'agent id=3
2026-08-13T18:09:30.329Z DEBUG 22488 --- [dsi-dashboard-backend] [http-nio-8080-exec-2] o.s.security.web.FilterChainProxy        : Securing GET /dashboard/stats
2026-08-13T18:09:30.364Z DEBUG 22488 --- [dsi-dashboard-backend] [http-nio-8080-exec-2] org.hibernate.SQL                        : 
    select
        u1_0.id,
        u1_0.actif,
        u1_0.departement_id,
        u1_0.email,
        u1_0.mot_de_passe,
        u1_0.nom,
        u1_0.role 
    from
        utilisateurs u1_0 
    where
        u1_0.email=?
2026-08-13T18:09:30.390Z DEBUG 22488 --- [dsi-dashboard-backend] [http-nio-8080-exec-2] m.g.s.d.s.JwtAuthenticationFilter        : Utilisateur authentifié via JWT : ganameabdoulwahab.206@gmail.com | Rôle : [ROLE_AGENT]
2026-08-13T18:09:30.400Z DEBUG 22488 --- [dsi-dashboard-backend] [http-nio-8080-exec-2] o.s.security.web.FilterChainProxy        : Secured GET /dashboard/stats
2026-08-13T18:09:30.402Z DEBUG 22488 --- [dsi-dashboard-backend] [http-nio-8080-exec-2] horizationManagerBeforeMethodInterceptor : Authorizing method invocation ReflectiveMethodInvocation: public org.springframework.http.ResponseEntity ma.gov.sante.dsi.controller.DashboardController.getStats(ma.gov.sante.dsi.model.Utilisateur); target is of class [ma.gov.sante.dsi.controller.DashboardController]
2026-08-13T18:09:30.410Z DEBUG 22488 --- [dsi-dashboard-backend] [http-nio-8080-exec-2] horizationManagerBeforeMethodInterceptor : Authorized method invocation ReflectiveMethodInvocation: public org.springframework.http.ResponseEntity ma.gov.sante.dsi.controller.DashboardController.getStats(ma.gov.sante.dsi.model.Utilisateur); target is of class [ma.gov.sante.dsi.controller.DashboardController]
2026-08-13T18:09:30.412Z DEBUG 22488 --- [dsi-dashboard-backend] [http-nio-8080-exec-2] m.g.sante.dsi.service.DashboardService   : Calcul des statistiques pour l'agent id=3
2026-08-13T18:10:05.751Z DEBUG 22488 --- [dsi-dashboard-backend] [http-nio-8080-exec-5] o.s.security.web.FilterChainProxy        : Securing OPTIONS /taches/mes-taches
2026-08-13T18:10:05.751Z DEBUG 22488 --- [dsi-dashboard-backend] [http-nio-8080-exec-6] o.s.security.web.FilterChainProxy        : Securing OPTIONS /taches/mes-taches
2026-08-13T18:10:05.768Z DEBUG 22488 --- [dsi-dashboard-backend] [http-nio-8080-exec-7] o.s.security.web.FilterChainProxy        : Securing GET /taches/mes-taches
2026-08-13T18:10:05.782Z DEBUG 22488 --- [dsi-dashboard-backend] [http-nio-8080-exec-7] org.hibernate.SQL                        : 
    select
        u1_0.id,
        u1_0.actif,
        u1_0.departement_id,
        u1_0.email,
        u1_0.mot_de_passe,
        u1_0.nom,
        u1_0.role 
    from
        utilisateurs u1_0 
    where
        u1_0.email=?
2026-08-13T18:10:05.797Z DEBUG 22488 --- [dsi-dashboard-backend] [http-nio-8080-exec-7] m.g.s.d.s.JwtAuthenticationFilter        : Utilisateur authentifié via JWT : ganameabdoulwahab.206@gmail.com | Rôle : [ROLE_AGENT]
2026-08-13T18:10:05.799Z DEBUG 22488 --- [dsi-dashboard-backend] [http-nio-8080-exec-7] o.s.security.web.FilterChainProxy        : Secured GET /taches/mes-taches
2026-08-13T18:10:05.825Z DEBUG 22488 --- [dsi-dashboard-backend] [http-nio-8080-exec-7] org.hibernate.SQL                        : 
    select
        t1_0.id,
        t1_0.date_echeance,
        t1_0.description,
        t1_0.priorite,
        t1_0.projet_id,
        t1_0.statut,
        t1_0.utilisateur_id 
    from
        taches t1_0 
    left join
        utilisateurs u1_0 
            on u1_0.id=t1_0.utilisateur_id 
    where
        u1_0.id=?
2026-08-13T18:10:05.871Z DEBUG 22488 --- [dsi-dashboard-backend] [http-nio-8080-exec-8] o.s.security.web.FilterChainProxy        : Securing GET /taches/mes-taches
2026-08-13T18:10:05.879Z DEBUG 22488 --- [dsi-dashboard-backend] [http-nio-8080-exec-8] org.hibernate.SQL                        : 
    select
        u1_0.id,
        u1_0.actif,
        u1_0.departement_id,
        u1_0.email,
        u1_0.mot_de_passe,
        u1_0.nom,
        u1_0.role 
    from
        utilisateurs u1_0 
    where
        u1_0.email=?
2026-08-13T18:10:05.891Z DEBUG 22488 --- [dsi-dashboard-backend] [http-nio-8080-exec-8] m.g.s.d.s.JwtAuthenticationFilter        : Utilisateur authentifié via JWT : ganameabdoulwahab.206@gmail.com | Rôle : [ROLE_AGENT]
2026-08-13T18:10:05.893Z DEBUG 22488 --- [dsi-dashboard-backend] [http-nio-8080-exec-8] o.s.security.web.FilterChainProxy        : Secured GET /taches/mes-taches
2026-08-13T18:10:05.899Z DEBUG 22488 --- [dsi-dashboard-backend] [http-nio-8080-exec-8] org.hibernate.SQL                        : 
    select
        t1_0.id,
        t1_0.date_echeance,
        t1_0.description,
        t1_0.priorite,
        t1_0.projet_id,
        t1_0.statut,
        t1_0.utilisateur_id 
    from
        taches t1_0 
    left join
        utilisateurs u1_0 
            on u1_0.id=t1_0.utilisateur_id 
    where
        u1_0.id=?
2026-08-13T18:10:35.778Z DEBUG 22488 --- [dsi-dashboard-backend] [http-nio-8080-exec-1] o.s.security.web.FilterChainProxy        : Securing GET /taches/mes-taches
2026-08-13T18:10:35.806Z DEBUG 22488 --- [dsi-dashboard-backend] [http-nio-8080-exec-1] org.hibernate.SQL                        : 
    select
        u1_0.id,
        u1_0.actif,
        u1_0.departement_id,
        u1_0.email,
        u1_0.mot_de_passe,
        u1_0.nom,
        u1_0.role 
    from
        utilisateurs u1_0 
    where
        u1_0.email=?
2026-08-13T18:10:35.821Z DEBUG 22488 --- [dsi-dashboard-backend] [http-nio-8080-exec-1] m.g.s.d.s.JwtAuthenticationFilter        : Utilisateur authentifié via JWT : ganameabdoulwahab.206@gmail.com | Rôle : [ROLE_AGENT]
2026-08-13T18:10:35.821Z DEBUG 22488 --- [dsi-dashboard-backend] [http-nio-8080-exec-1] o.s.security.web.FilterChainProxy        : Secured GET /taches/mes-taches
2026-08-13T18:10:35.829Z DEBUG 22488 --- [dsi-dashboard-backend] [http-nio-8080-exec-1] org.hibernate.SQL                        : 
    select
        t1_0.id,
        t1_0.date_echeance,
        t1_0.description,
        t1_0.priorite,
        t1_0.projet_id,
        t1_0.statut,
        t1_0.utilisateur_id 
    from
        taches t1_0 
    left join
        utilisateurs u1_0 
            on u1_0.id=t1_0.utilisateur_id 
    where
        u1_0.id=?
2026-08-13T18:10:35.842Z DEBUG 22488 --- [dsi-dashboard-backend] [http-nio-8080-exec-1] o.s.security.web.FilterChainProxy        : Securing GET /taches/mes-taches
2026-08-13T18:10:35.854Z DEBUG 22488 --- [dsi-dashboard-backend] [http-nio-8080-exec-1] org.hibernate.SQL                        : 
    select
        u1_0.id,
        u1_0.actif,
        u1_0.departement_id,
        u1_0.email,
        u1_0.mot_de_passe,
        u1_0.nom,
        u1_0.role 
    from
        utilisateurs u1_0 
    where
        u1_0.email=?
2026-08-13T18:10:35.879Z DEBUG 22488 --- [dsi-dashboard-backend] [http-nio-8080-exec-1] m.g.s.d.s.JwtAuthenticationFilter        : Utilisateur authentifié via JWT : ganameabdoulwahab.206@gmail.com | Rôle : [ROLE_AGENT]
2026-08-13T18:10:35.881Z DEBUG 22488 --- [dsi-dashboard-backend] [http-nio-8080-exec-1] o.s.security.web.FilterChainProxy        : Secured GET /taches/mes-taches
2026-08-13T18:10:35.895Z DEBUG 22488 --- [dsi-dashboard-backend] [http-nio-8080-exec-1] org.hibernate.SQL                        : 
    select
        t1_0.id,
        t1_0.date_echeance,
        t1_0.description,
        t1_0.priorite,
        t1_0.projet_id,
        t1_0.statut,
        t1_0.utilisateur_id 
    from
        taches t1_0 
    left join
        utilisateurs u1_0 
            on u1_0.id=t1_0.utilisateur_id 
    where
        u1_0.id=?
2026-08-13T18:10:37.591Z DEBUG 22488 --- [dsi-dashboard-backend] [http-nio-8080-exec-2] o.s.security.web.FilterChainProxy        : Securing GET /dashboard/stats
2026-08-13T18:10:37.609Z DEBUG 22488 --- [dsi-dashboard-backend] [http-nio-8080-exec-2] org.hibernate.SQL                        : 
    select
        u1_0.id,
        u1_0.actif,
        u1_0.departement_id,
        u1_0.email,
        u1_0.mot_de_passe,
        u1_0.nom,
        u1_0.role 
    from
        utilisateurs u1_0 
    where
        u1_0.email=?
2026-08-13T18:10:37.628Z DEBUG 22488 --- [dsi-dashboard-backend] [http-nio-8080-exec-2] m.g.s.d.s.JwtAuthenticationFilter        : Utilisateur authentifié via JWT : ganameabdoulwahab.206@gmail.com | Rôle : [ROLE_AGENT]
2026-08-13T18:10:37.632Z DEBUG 22488 --- [dsi-dashboard-backend] [http-nio-8080-exec-2] o.s.security.web.FilterChainProxy        : Secured GET /dashboard/stats
2026-08-13T18:10:37.636Z DEBUG 22488 --- [dsi-dashboard-backend] [http-nio-8080-exec-2] horizationManagerBeforeMethodInterceptor : Authorizing method invocation ReflectiveMethodInvocation: public org.springframework.http.ResponseEntity ma.gov.sante.dsi.controller.DashboardController.getStats(ma.gov.sante.dsi.model.Utilisateur); target is of class [ma.gov.sante.dsi.controller.DashboardController]
2026-08-13T18:10:37.638Z DEBUG 22488 --- [dsi-dashboard-backend] [http-nio-8080-exec-2] horizationManagerBeforeMethodInterceptor : Authorized method invocation ReflectiveMethodInvocation: public org.springframework.http.ResponseEntity ma.gov.sante.dsi.controller.DashboardController.getStats(ma.gov.sante.dsi.model.Utilisateur); target is of class [ma.gov.sante.dsi.controller.DashboardController]
2026-08-13T18:10:37.640Z DEBUG 22488 --- [dsi-dashboard-backend] [http-nio-8080-exec-2] m.g.sante.dsi.service.DashboardService   : Calcul des statistiques pour l'agent id=3
2026-08-13T18:10:37.661Z DEBUG 22488 --- [dsi-dashboard-backend] [http-nio-8080-exec-10] o.s.security.web.FilterChainProxy        : Securing GET /dashboard/stats
2026-08-13T18:10:37.677Z DEBUG 22488 --- [dsi-dashboard-backend] [http-nio-8080-exec-10] org.hibernate.SQL                        : 
    select
        u1_0.id,
        u1_0.actif,
        u1_0.departement_id,
        u1_0.email,
        u1_0.mot_de_passe,
        u1_0.nom,
        u1_0.role 
    from
        utilisateurs u1_0 
    where
        u1_0.email=?
2026-08-13T18:10:37.703Z DEBUG 22488 --- [dsi-dashboard-backend] [http-nio-8080-exec-10] m.g.s.d.s.JwtAuthenticationFilter        : Utilisateur authentifié via JWT : ganameabdoulwahab.206@gmail.com | Rôle : [ROLE_AGENT]
2026-08-13T18:10:37.709Z DEBUG 22488 --- [dsi-dashboard-backend] [http-nio-8080-exec-10] o.s.security.web.FilterChainProxy        : Secured GET /dashboard/stats
2026-08-13T18:10:37.717Z DEBUG 22488 --- [dsi-dashboard-backend] [http-nio-8080-exec-10] horizationManagerBeforeMethodInterceptor : Authorizing method invocation ReflectiveMethodInvocation: public org.springframework.http.ResponseEntity ma.gov.sante.dsi.controller.DashboardController.getStats(ma.gov.sante.dsi.model.Utilisateur); target is of class [ma.gov.sante.dsi.controller.DashboardController]
2026-08-13T18:10:37.718Z DEBUG 22488 --- [dsi-dashboard-backend] [http-nio-8080-exec-10] horizationManagerBeforeMethodInterceptor : Authorized method invocation ReflectiveMethodInvocation: public org.springframework.http.ResponseEntity ma.gov.sante.dsi.controller.DashboardController.getStats(ma.gov.sante.dsi.model.Utilisateur); target is of class [ma.gov.sante.dsi.controller.DashboardController]
2026-08-13T18:10:37.718Z DEBUG 22488 --- [dsi-dashboard-backend] [http-nio-8080-exec-10] m.g.sante.dsi.service.DashboardService   : Calcul des statistiques pour l'agent id=3
2026-08-13T18:11:52.766Z DEBUG 22488 --- [dsi-dashboard-backend] [http-nio-8080-exec-5] o.s.security.web.FilterChainProxy        : Securing GET /taches/mes-taches
2026-08-13T18:11:52.786Z DEBUG 22488 --- [dsi-dashboard-backend] [http-nio-8080-exec-5] org.hibernate.SQL                        : 
    select
        u1_0.id,
        u1_0.actif,
        u1_0.departement_id,
        u1_0.email,
        u1_0.mot_de_passe,
        u1_0.nom,
        u1_0.role 
    from
        utilisateurs u1_0 
    where
        u1_0.email=?
2026-08-13T18:11:52.795Z DEBUG 22488 --- [dsi-dashboard-backend] [http-nio-8080-exec-5] m.g.s.d.s.JwtAuthenticationFilter        : Utilisateur authentifié via JWT : ganameabdoulwahab.206@gmail.com | Rôle : [ROLE_AGENT]
2026-08-13T18:11:52.795Z DEBUG 22488 --- [dsi-dashboard-backend] [http-nio-8080-exec-5] o.s.security.web.FilterChainProxy        : Secured GET /taches/mes-taches
2026-08-13T18:11:52.804Z DEBUG 22488 --- [dsi-dashboard-backend] [http-nio-8080-exec-5] org.hibernate.SQL                        : 
    select
        t1_0.id,
        t1_0.date_echeance,
        t1_0.description,
        t1_0.priorite,
        t1_0.projet_id,
        t1_0.statut,
        t1_0.utilisateur_id 
    from
        taches t1_0 
    left join
        utilisateurs u1_0 
            on u1_0.id=t1_0.utilisateur_id 
    where
        u1_0.id=?
2026-08-13T18:11:52.820Z DEBUG 22488 --- [dsi-dashboard-backend] [http-nio-8080-exec-7] o.s.security.web.FilterChainProxy        : Securing GET /taches/mes-taches
2026-08-13T18:11:52.832Z DEBUG 22488 --- [dsi-dashboard-backend] [http-nio-8080-exec-7] org.hibernate.SQL                        : 
    select
        u1_0.id,
        u1_0.actif,
        u1_0.departement_id,
        u1_0.email,
        u1_0.mot_de_passe,
        u1_0.nom,
        u1_0.role 
    from
        utilisateurs u1_0 
    where
        u1_0.email=?
2026-08-13T18:11:52.854Z DEBUG 22488 --- [dsi-dashboard-backend] [http-nio-8080-exec-7] m.g.s.d.s.JwtAuthenticationFilter        : Utilisateur authentifié via JWT : ganameabdoulwahab.206@gmail.com | Rôle : [ROLE_AGENT]
2026-08-13T18:11:52.856Z DEBUG 22488 --- [dsi-dashboard-backend] [http-nio-8080-exec-7] o.s.security.web.FilterChainProxy        : Secured GET /taches/mes-taches
2026-08-13T18:11:52.863Z DEBUG 22488 --- [dsi-dashboard-backend] [http-nio-8080-exec-7] org.hibernate.SQL                        : 
    select
        t1_0.id,
        t1_0.date_echeance,
        t1_0.description,
        t1_0.priorite,
        t1_0.projet_id,
        t1_0.statut,
        t1_0.utilisateur_id 
    from
        taches t1_0 
    left join
        utilisateurs u1_0 
            on u1_0.id=t1_0.utilisateur_id 
    where
        u1_0.id=?
2026-08-13T18:11:55.809Z DEBUG 22488 --- [dsi-dashboard-backend] [http-nio-8080-exec-8] o.s.security.web.FilterChainProxy        : Securing GET /taches/mes-taches
2026-08-13T18:11:55.826Z DEBUG 22488 --- [dsi-dashboard-backend] [http-nio-8080-exec-8] org.hibernate.SQL                        : 
    select
        u1_0.id,
        u1_0.actif,
        u1_0.departement_id,
        u1_0.email,
        u1_0.mot_de_passe,
        u1_0.nom,
        u1_0.role 
    from
        utilisateurs u1_0 
    where
        u1_0.email=?
2026-08-13T18:11:55.839Z DEBUG 22488 --- [dsi-dashboard-backend] [http-nio-8080-exec-8] m.g.s.d.s.JwtAuthenticationFilter        : Utilisateur authentifié via JWT : ganameabdoulwahab.206@gmail.com | Rôle : [ROLE_AGENT]
2026-08-13T18:11:55.841Z DEBUG 22488 --- [dsi-dashboard-backend] [http-nio-8080-exec-8] o.s.security.web.FilterChainProxy        : Secured GET /taches/mes-taches
2026-08-13T18:11:55.849Z DEBUG 22488 --- [dsi-dashboard-backend] [http-nio-8080-exec-8] org.hibernate.SQL                        : 
    select
        t1_0.id,
        t1_0.date_echeance,
        t1_0.description,
        t1_0.priorite,
        t1_0.projet_id,
        t1_0.statut,
        t1_0.utilisateur_id 
    from
        taches t1_0 
    left join
        utilisateurs u1_0 
            on u1_0.id=t1_0.utilisateur_id 
    where
        u1_0.id=?
2026-08-13T18:11:55.872Z DEBUG 22488 --- [dsi-dashboard-backend] [http-nio-8080-exec-4] o.s.security.web.FilterChainProxy        : Securing GET /taches/mes-taches
2026-08-13T18:11:55.890Z DEBUG 22488 --- [dsi-dashboard-backend] [http-nio-8080-exec-4] org.hibernate.SQL                        : 
    select
        u1_0.id,
        u1_0.actif,
        u1_0.departement_id,
        u1_0.email,
        u1_0.mot_de_passe,
        u1_0.nom,
        u1_0.role 
    from
        utilisateurs u1_0 
    where
        u1_0.email=?
2026-08-13T18:11:55.909Z DEBUG 22488 --- [dsi-dashboard-backend] [http-nio-8080-exec-4] m.g.s.d.s.JwtAuthenticationFilter        : Utilisateur authentifié via JWT : ganameabdoulwahab.206@gmail.com | Rôle : [ROLE_AGENT]
2026-08-13T18:11:55.911Z DEBUG 22488 --- [dsi-dashboard-backend] [http-nio-8080-exec-4] o.s.security.web.FilterChainProxy        : Secured GET /taches/mes-taches
2026-08-13T18:11:55.925Z DEBUG 22488 --- [dsi-dashboard-backend] [http-nio-8080-exec-4] org.hibernate.SQL                        : 
    select
        t1_0.id,
        t1_0.date_echeance,
        t1_0.description,
        t1_0.priorite,
        t1_0.projet_id,
        t1_0.statut,
        t1_0.utilisateur_id 
    from
        taches t1_0 
    left join
        utilisateurs u1_0 
            on u1_0.id=t1_0.utilisateur_id 
    where
        u1_0.id=?
2026-08-13T18:11:58.169Z DEBUG 22488 --- [dsi-dashboard-backend] [http-nio-8080-exec-9] o.s.security.web.FilterChainProxy        : Securing GET /dashboard/stats
2026-08-13T18:11:58.225Z DEBUG 22488 --- [dsi-dashboard-backend] [http-nio-8080-exec-9] org.hibernate.SQL                        : 
    select
        u1_0.id,
        u1_0.actif,
        u1_0.departement_id,
        u1_0.email,
        u1_0.mot_de_passe,
        u1_0.nom,
        u1_0.role 
    from
        utilisateurs u1_0 
    where
        u1_0.email=?
2026-08-13T18:11:58.262Z DEBUG 22488 --- [dsi-dashboard-backend] [http-nio-8080-exec-9] m.g.s.d.s.JwtAuthenticationFilter        : Utilisateur authentifié via JWT : ganameabdoulwahab.206@gmail.com | Rôle : [ROLE_AGENT]
2026-08-13T18:11:58.263Z DEBUG 22488 --- [dsi-dashboard-backend] [http-nio-8080-exec-9] o.s.security.web.FilterChainProxy        : Secured GET /dashboard/stats
2026-08-13T18:11:58.266Z DEBUG 22488 --- [dsi-dashboard-backend] [http-nio-8080-exec-9] horizationManagerBeforeMethodInterceptor : Authorizing method invocation ReflectiveMethodInvocation: public org.springframework.http.ResponseEntity ma.gov.sante.dsi.controller.DashboardController.getStats(ma.gov.sante.dsi.model.Utilisateur); target is of class [ma.gov.sante.dsi.controller.DashboardController]
2026-08-13T18:11:58.273Z DEBUG 22488 --- [dsi-dashboard-backend] [http-nio-8080-exec-9] horizationManagerBeforeMethodInterceptor : Authorized method invocation ReflectiveMethodInvocation: public org.springframework.http.ResponseEntity ma.gov.sante.dsi.controller.DashboardController.getStats(ma.gov.sante.dsi.model.Utilisateur); target is of class [ma.gov.sante.dsi.controller.DashboardController]
2026-08-13T18:11:58.277Z DEBUG 22488 --- [dsi-dashboard-backend] [http-nio-8080-exec-9] m.g.sante.dsi.service.DashboardService   : Calcul des statistiques pour l'agent id=3
2026-08-13T18:11:58.294Z DEBUG 22488 --- [dsi-dashboard-backend] [http-nio-8080-exec-1] o.s.security.web.FilterChainProxy        : Securing GET /dashboard/stats
2026-08-13T18:11:58.323Z DEBUG 22488 --- [dsi-dashboard-backend] [http-nio-8080-exec-1] org.hibernate.SQL                        : 
    select
        u1_0.id,
        u1_0.actif,
        u1_0.departement_id,
        u1_0.email,
        u1_0.mot_de_passe,
        u1_0.nom,
        u1_0.role 
    from
        utilisateurs u1_0 
    where
        u1_0.email=?
2026-08-13T18:11:58.342Z DEBUG 22488 --- [dsi-dashboard-backend] [http-nio-8080-exec-1] m.g.s.d.s.JwtAuthenticationFilter        : Utilisateur authentifié via JWT : ganameabdoulwahab.206@gmail.com | Rôle : [ROLE_AGENT]
2026-08-13T18:11:58.344Z DEBUG 22488 --- [dsi-dashboard-backend] [http-nio-8080-exec-1] o.s.security.web.FilterChainProxy        : Secured GET /dashboard/stats
2026-08-13T18:11:58.347Z DEBUG 22488 --- [dsi-dashboard-backend] [http-nio-8080-exec-1] horizationManagerBeforeMethodInterceptor : Authorizing method invocation ReflectiveMethodInvocation: public org.springframework.http.ResponseEntity ma.gov.sante.dsi.controller.DashboardController.getStats(ma.gov.sante.dsi.model.Utilisateur); target is of class [ma.gov.sante.dsi.controller.DashboardController]
2026-08-13T18:11:58.359Z DEBUG 22488 --- [dsi-dashboard-backend] [http-nio-8080-exec-1] horizationManagerBeforeMethodInterceptor : Authorized method invocation ReflectiveMethodInvocation: public org.springframework.http.ResponseEntity ma.gov.sante.dsi.controller.DashboardController.getStats(ma.gov.sante.dsi.model.Utilisateur); target is of class [ma.gov.sante.dsi.controller.DashboardController]
2026-08-13T18:11:58.363Z DEBUG 22488 --- [dsi-dashboard-backend] [http-nio-8080-exec-1] m.g.sante.dsi.service.DashboardService   : Calcul des statistiques pour l'agent id=3
2026-08-13T18:12:00.544Z DEBUG 22488 --- [dsi-dashboard-backend] [http-nio-8080-exec-2] o.s.security.web.FilterChainProxy        : Securing GET /taches/mes-taches
2026-08-13T18:12:00.559Z DEBUG 22488 --- [dsi-dashboard-backend] [http-nio-8080-exec-2] org.hibernate.SQL                        : 
    select
        u1_0.id,
        u1_0.actif,
        u1_0.departement_id,
        u1_0.email,
        u1_0.mot_de_passe,
        u1_0.nom,
        u1_0.role 
    from
        utilisateurs u1_0 
    where
        u1_0.email=?
2026-08-13T18:12:00.578Z DEBUG 22488 --- [dsi-dashboard-backend] [http-nio-8080-exec-2] m.g.s.d.s.JwtAuthenticationFilter        : Utilisateur authentifié via JWT : ganameabdoulwahab.206@gmail.com | Rôle : [ROLE_AGENT]
2026-08-13T18:12:00.582Z DEBUG 22488 --- [dsi-dashboard-backend] [http-nio-8080-exec-2] o.s.security.web.FilterChainProxy        : Secured GET /taches/mes-taches
2026-08-13T18:12:00.601Z DEBUG 22488 --- [dsi-dashboard-backend] [http-nio-8080-exec-2] org.hibernate.SQL                        : 
    select
        t1_0.id,
        t1_0.date_echeance,
        t1_0.description,
        t1_0.priorite,
        t1_0.projet_id,
        t1_0.statut,
        t1_0.utilisateur_id 
    from
        taches t1_0 
    left join
        utilisateurs u1_0 
            on u1_0.id=t1_0.utilisateur_id 
    where
        u1_0.id=?
2026-08-13T18:12:00.620Z DEBUG 22488 --- [dsi-dashboard-backend] [http-nio-8080-exec-10] o.s.security.web.FilterChainProxy        : Securing GET /taches/mes-taches
2026-08-13T18:12:00.637Z DEBUG 22488 --- [dsi-dashboard-backend] [http-nio-8080-exec-10] org.hibernate.SQL                        : 
    select
        u1_0.id,
        u1_0.actif,
        u1_0.departement_id,
        u1_0.email,
        u1_0.mot_de_passe,
        u1_0.nom,
        u1_0.role 
    from
        utilisateurs u1_0 
    where
        u1_0.email=?
2026-08-13T18:12:00.648Z DEBUG 22488 --- [dsi-dashboard-backend] [http-nio-8080-exec-10] m.g.s.d.s.JwtAuthenticationFilter        : Utilisateur authentifié via JWT : ganameabdoulwahab.206@gmail.com | Rôle : [ROLE_AGENT]
2026-08-13T18:12:00.649Z DEBUG 22488 --- [dsi-dashboard-backend] [http-nio-8080-exec-10] o.s.security.web.FilterChainProxy        : Secured GET /taches/mes-taches
2026-08-13T18:12:00.659Z DEBUG 22488 --- [dsi-dashboard-backend] [http-nio-8080-exec-10] org.hibernate.SQL                        : 
    select
        t1_0.id,
        t1_0.date_echeance,
        t1_0.description,
        t1_0.priorite,
        t1_0.projet_id,
        t1_0.statut,
        t1_0.utilisateur_id 
    from
        taches t1_0 
    left join
        utilisateurs u1_0 
            on u1_0.id=t1_0.utilisateur_id 
    where
        u1_0.id=?
2026-08-13T18:12:02.281Z DEBUG 22488 --- [dsi-dashboard-backend] [http-nio-8080-exec-6] o.s.security.web.FilterChainProxy        : Securing GET /taches/mes-taches
2026-08-13T18:12:02.293Z DEBUG 22488 --- [dsi-dashboard-backend] [http-nio-8080-exec-6] org.hibernate.SQL                        : 
    select
        u1_0.id,
        u1_0.actif,
        u1_0.departement_id,
        u1_0.email,
        u1_0.mot_de_passe,
        u1_0.nom,
        u1_0.role 
    from
        utilisateurs u1_0 
    where
        u1_0.email=?
2026-08-13T18:12:02.318Z DEBUG 22488 --- [dsi-dashboard-backend] [http-nio-8080-exec-6] m.g.s.d.s.JwtAuthenticationFilter        : Utilisateur authentifié via JWT : ganameabdoulwahab.206@gmail.com | Rôle : [ROLE_AGENT]
2026-08-13T18:12:02.320Z DEBUG 22488 --- [dsi-dashboard-backend] [http-nio-8080-exec-6] o.s.security.web.FilterChainProxy        : Secured GET /taches/mes-taches
2026-08-13T18:12:02.364Z DEBUG 22488 --- [dsi-dashboard-backend] [http-nio-8080-exec-6] org.hibernate.SQL                        : 
    select
        t1_0.id,
        t1_0.date_echeance,
        t1_0.description,
        t1_0.priorite,
        t1_0.projet_id,
        t1_0.statut,
        t1_0.utilisateur_id 
    from
        taches t1_0 
    left join
        utilisateurs u1_0 
            on u1_0.id=t1_0.utilisateur_id 
    where
        u1_0.id=?
2026-08-13T18:12:02.389Z DEBUG 22488 --- [dsi-dashboard-backend] [http-nio-8080-exec-6] o.s.security.web.FilterChainProxy        : Securing GET /taches/mes-taches
2026-08-13T18:12:02.401Z DEBUG 22488 --- [dsi-dashboard-backend] [http-nio-8080-exec-6] org.hibernate.SQL                        : 
    select
        u1_0.id,
        u1_0.actif,
        u1_0.departement_id,
        u1_0.email,
        u1_0.mot_de_passe,
        u1_0.nom,
        u1_0.role 
    from
        utilisateurs u1_0 
    where
        u1_0.email=?
2026-08-13T18:12:02.413Z DEBUG 22488 --- [dsi-dashboard-backend] [http-nio-8080-exec-6] m.g.s.d.s.JwtAuthenticationFilter        : Utilisateur authentifié via JWT : ganameabdoulwahab.206@gmail.com | Rôle : [ROLE_AGENT]
2026-08-13T18:12:02.420Z DEBUG 22488 --- [dsi-dashboard-backend] [http-nio-8080-exec-6] o.s.security.web.FilterChainProxy        : Secured GET /taches/mes-taches
2026-08-13T18:12:02.439Z DEBUG 22488 --- [dsi-dashboard-backend] [http-nio-8080-exec-6] org.hibernate.SQL                        : 
    select
        t1_0.id,
        t1_0.date_echeance,
        t1_0.description,
        t1_0.priorite,
        t1_0.projet_id,
        t1_0.statut,
        t1_0.utilisateur_id 
    from
        taches t1_0 
    left join
        utilisateurs u1_0 
            on u1_0.id=t1_0.utilisateur_id 
    where
        u1_0.id=?
2026-08-13T18:12:03.068Z DEBUG 22488 --- [dsi-dashboard-backend] [http-nio-8080-exec-3] o.s.security.web.FilterChainProxy        : Securing GET /dashboard/stats
2026-08-13T18:12:03.076Z DEBUG 22488 --- [dsi-dashboard-backend] [http-nio-8080-exec-3] org.hibernate.SQL                        : 
    select
        u1_0.id,
        u1_0.actif,
        u1_0.departement_id,
        u1_0.email,
        u1_0.mot_de_passe,
        u1_0.nom,
        u1_0.role 
    from
        utilisateurs u1_0 
    where
        u1_0.email=?
2026-08-13T18:12:03.091Z DEBUG 22488 --- [dsi-dashboard-backend] [http-nio-8080-exec-3] m.g.s.d.s.JwtAuthenticationFilter        : Utilisateur authentifié via JWT : ganameabdoulwahab.206@gmail.com | Rôle : [ROLE_AGENT]
2026-08-13T18:12:03.093Z DEBUG 22488 --- [dsi-dashboard-backend] [http-nio-8080-exec-3] o.s.security.web.FilterChainProxy        : Secured GET /dashboard/stats
2026-08-13T18:12:03.100Z DEBUG 22488 --- [dsi-dashboard-backend] [http-nio-8080-exec-3] horizationManagerBeforeMethodInterceptor : Authorizing method invocation ReflectiveMethodInvocation: public org.springframework.http.ResponseEntity ma.gov.sante.dsi.controller.DashboardController.getStats(ma.gov.sante.dsi.model.Utilisateur); target is of class [ma.gov.sante.dsi.controller.DashboardController]
2026-08-13T18:12:03.103Z DEBUG 22488 --- [dsi-dashboard-backend] [http-nio-8080-exec-3] horizationManagerBeforeMethodInterceptor : Authorized method invocation ReflectiveMethodInvocation: public org.springframework.http.ResponseEntity ma.gov.sante.dsi.controller.DashboardController.getStats(ma.gov.sante.dsi.model.Utilisateur); target is of class [ma.gov.sante.dsi.controller.DashboardController]
2026-08-13T18:12:03.105Z DEBUG 22488 --- [dsi-dashboard-backend] [http-nio-8080-exec-3] m.g.sante.dsi.service.DashboardService   : Calcul des statistiques pour l'agent id=3
2026-08-13T18:12:03.118Z DEBUG 22488 --- [dsi-dashboard-backend] [http-nio-8080-exec-5] o.s.security.web.FilterChainProxy        : Securing GET /dashboard/stats
2026-08-13T18:12:03.127Z DEBUG 22488 --- [dsi-dashboard-backend] [http-nio-8080-exec-5] org.hibernate.SQL                        : 
    select
        u1_0.id,
        u1_0.actif,
        u1_0.departement_id,
        u1_0.email,
        u1_0.mot_de_passe,
        u1_0.nom,
        u1_0.role 
    from
        utilisateurs u1_0 
    where
        u1_0.email=?
2026-08-13T18:12:03.140Z DEBUG 22488 --- [dsi-dashboard-backend] [http-nio-8080-exec-5] m.g.s.d.s.JwtAuthenticationFilter        : Utilisateur authentifié via JWT : ganameabdoulwahab.206@gmail.com | Rôle : [ROLE_AGENT]
2026-08-13T18:12:03.141Z DEBUG 22488 --- [dsi-dashboard-backend] [http-nio-8080-exec-5] o.s.security.web.FilterChainProxy        : Secured GET /dashboard/stats
2026-08-13T18:12:03.142Z DEBUG 22488 --- [dsi-dashboard-backend] [http-nio-8080-exec-5] horizationManagerBeforeMethodInterceptor : Authorizing method invocation ReflectiveMethodInvocation: public org.springframework.http.ResponseEntity ma.gov.sante.dsi.controller.DashboardController.getStats(ma.gov.sante.dsi.model.Utilisateur); target is of class [ma.gov.sante.dsi.controller.DashboardController]
2026-08-13T18:12:03.142Z DEBUG 22488 --- [dsi-dashboard-backend] [http-nio-8080-exec-5] horizationManagerBeforeMethodInterceptor : Authorized method invocation ReflectiveMethodInvocation: public org.springframework.http.ResponseEntity ma.gov.sante.dsi.controller.DashboardController.getStats(ma.gov.sante.dsi.model.Utilisateur); target is of class [ma.gov.sante.dsi.controller.DashboardController]
2026-08-13T18:12:03.145Z DEBUG 22488 --- [dsi-dashboard-backend] [http-nio-8080-exec-5] m.g.sante.dsi.service.DashboardService   : Calcul des statistiques pour l'agent id=3
2026-08-13T18:12:04.773Z DEBUG 22488 --- [dsi-dashboard-backend] [http-nio-8080-exec-7] o.s.security.web.FilterChainProxy        : Securing GET /dashboard/stats
2026-08-13T18:12:04.789Z DEBUG 22488 --- [dsi-dashboard-backend] [http-nio-8080-exec-7] org.hibernate.SQL                        : 
    select
        u1_0.id,
        u1_0.actif,
        u1_0.departement_id,
        u1_0.email,
        u1_0.mot_de_passe,
        u1_0.nom,
        u1_0.role 
    from
        utilisateurs u1_0 
    where
        u1_0.email=?
2026-08-13T18:12:04.818Z DEBUG 22488 --- [dsi-dashboard-backend] [http-nio-8080-exec-7] m.g.s.d.s.JwtAuthenticationFilter        : Utilisateur authentifié via JWT : ganameabdoulwahab.206@gmail.com | Rôle : [ROLE_AGENT]
2026-08-13T18:12:04.819Z DEBUG 22488 --- [dsi-dashboard-backend] [http-nio-8080-exec-7] o.s.security.web.FilterChainProxy        : Secured GET /dashboard/stats
2026-08-13T18:12:04.823Z DEBUG 22488 --- [dsi-dashboard-backend] [http-nio-8080-exec-7] horizationManagerBeforeMethodInterceptor : Authorizing method invocation ReflectiveMethodInvocation: public org.springframework.http.ResponseEntity ma.gov.sante.dsi.controller.DashboardController.getStats(ma.gov.sante.dsi.model.Utilisateur); target is of class [ma.gov.sante.dsi.controller.DashboardController]
2026-08-13T18:12:04.824Z DEBUG 22488 --- [dsi-dashboard-backend] [http-nio-8080-exec-7] horizationManagerBeforeMethodInterceptor : Authorized method invocation ReflectiveMethodInvocation: public org.springframework.http.ResponseEntity ma.gov.sante.dsi.controller.DashboardController.getStats(ma.gov.sante.dsi.model.Utilisateur); target is of class [ma.gov.sante.dsi.controller.DashboardController]
2026-08-13T18:12:04.828Z DEBUG 22488 --- [dsi-dashboard-backend] [http-nio-8080-exec-7] m.g.sante.dsi.service.DashboardService   : Calcul des statistiques pour l'agent id=3
2026-08-13T18:12:04.852Z DEBUG 22488 --- [dsi-dashboard-backend] [http-nio-8080-exec-8] o.s.security.web.FilterChainProxy        : Securing GET /dashboard/stats
2026-08-13T18:12:04.918Z DEBUG 22488 --- [dsi-dashboard-backend] [http-nio-8080-exec-8] org.hibernate.SQL                        : 
    select
        u1_0.id,
        u1_0.actif,
        u1_0.departement_id,
        u1_0.email,
        u1_0.mot_de_passe,
        u1_0.nom,
        u1_0.role 
    from
        utilisateurs u1_0 
    where
        u1_0.email=?
2026-08-13T18:12:04.957Z DEBUG 22488 --- [dsi-dashboard-backend] [http-nio-8080-exec-8] m.g.s.d.s.JwtAuthenticationFilter        : Utilisateur authentifié via JWT : ganameabdoulwahab.206@gmail.com | Rôle : [ROLE_AGENT]
2026-08-13T18:12:04.985Z DEBUG 22488 --- [dsi-dashboard-backend] [http-nio-8080-exec-8] o.s.security.web.FilterChainProxy        : Secured GET /dashboard/stats
2026-08-13T18:12:05.007Z DEBUG 22488 --- [dsi-dashboard-backend] [http-nio-8080-exec-8] horizationManagerBeforeMethodInterceptor : Authorizing method invocation ReflectiveMethodInvocation: public org.springframework.http.ResponseEntity ma.gov.sante.dsi.controller.DashboardController.getStats(ma.gov.sante.dsi.model.Utilisateur); target is of class [ma.gov.sante.dsi.controller.DashboardController]
2026-08-13T18:12:05.007Z DEBUG 22488 --- [dsi-dashboard-backend] [http-nio-8080-exec-8] horizationManagerBeforeMethodInterceptor : Authorized method invocation ReflectiveMethodInvocation: public org.springframework.http.ResponseEntity ma.gov.sante.dsi.controller.DashboardController.getStats(ma.gov.sante.dsi.model.Utilisateur); target is of class [ma.gov.sante.dsi.controller.DashboardController]
2026-08-13T18:12:05.007Z DEBUG 22488 --- [dsi-dashboard-backend] [http-nio-8080-exec-8] m.g.sante.dsi.service.DashboardService   : Calcul des statistiques pour l'agent id=3
2026-08-13T18:12:05.813Z DEBUG 22488 --- [dsi-dashboard-backend] [http-nio-8080-exec-4] o.s.security.web.FilterChainProxy        : Securing GET /dashboard/stats
2026-08-13T18:12:05.826Z DEBUG 22488 --- [dsi-dashboard-backend] [http-nio-8080-exec-4] org.hibernate.SQL                        : 
    select
        u1_0.id,
        u1_0.actif,
        u1_0.departement_id,
        u1_0.email,
        u1_0.mot_de_passe,
        u1_0.nom,
        u1_0.role 
    from
        utilisateurs u1_0 
    where
        u1_0.email=?
2026-08-13T18:12:05.841Z DEBUG 22488 --- [dsi-dashboard-backend] [http-nio-8080-exec-4] m.g.s.d.s.JwtAuthenticationFilter        : Utilisateur authentifié via JWT : ganameabdoulwahab.206@gmail.com | Rôle : [ROLE_AGENT]
2026-08-13T18:12:05.845Z DEBUG 22488 --- [dsi-dashboard-backend] [http-nio-8080-exec-4] o.s.security.web.FilterChainProxy        : Secured GET /dashboard/stats
2026-08-13T18:12:05.851Z DEBUG 22488 --- [dsi-dashboard-backend] [http-nio-8080-exec-4] horizationManagerBeforeMethodInterceptor : Authorizing method invocation ReflectiveMethodInvocation: public org.springframework.http.ResponseEntity ma.gov.sante.dsi.controller.DashboardController.getStats(ma.gov.sante.dsi.model.Utilisateur); target is of class [ma.gov.sante.dsi.controller.DashboardController]
2026-08-13T18:12:05.857Z DEBUG 22488 --- [dsi-dashboard-backend] [http-nio-8080-exec-4] horizationManagerBeforeMethodInterceptor : Authorized method invocation ReflectiveMethodInvocation: public org.springframework.http.ResponseEntity ma.gov.sante.dsi.controller.DashboardController.getStats(ma.gov.sante.dsi.model.Utilisateur); target is of class [ma.gov.sante.dsi.controller.DashboardController]
2026-08-13T18:12:05.864Z DEBUG 22488 --- [dsi-dashboard-backend] [http-nio-8080-exec-4] m.g.sante.dsi.service.DashboardService   : Calcul des statistiques pour l'agent id=3
2026-08-13T18:12:05.877Z DEBUG 22488 --- [dsi-dashboard-backend] [http-nio-8080-exec-9] o.s.security.web.FilterChainProxy        : Securing GET /dashboard/stats
2026-08-13T18:12:05.890Z DEBUG 22488 --- [dsi-dashboard-backend] [http-nio-8080-exec-9] org.hibernate.SQL                        : 
    select
        u1_0.id,
        u1_0.actif,
        u1_0.departement_id,
        u1_0.email,
        u1_0.mot_de_passe,
        u1_0.nom,
        u1_0.role 
    from
        utilisateurs u1_0 
    where
        u1_0.email=?
2026-08-13T18:12:05.899Z DEBUG 22488 --- [dsi-dashboard-backend] [http-nio-8080-exec-9] m.g.s.d.s.JwtAuthenticationFilter        : Utilisateur authentifié via JWT : ganameabdoulwahab.206@gmail.com | Rôle : [ROLE_AGENT]
2026-08-13T18:12:05.900Z DEBUG 22488 --- [dsi-dashboard-backend] [http-nio-8080-exec-9] o.s.security.web.FilterChainProxy        : Secured GET /dashboard/stats
2026-08-13T18:12:05.901Z DEBUG 22488 --- [dsi-dashboard-backend] [http-nio-8080-exec-9] horizationManagerBeforeMethodInterceptor : Authorizing method invocation ReflectiveMethodInvocation: public org.springframework.http.ResponseEntity ma.gov.sante.dsi.controller.DashboardController.getStats(ma.gov.sante.dsi.model.Utilisateur); target is of class [ma.gov.sante.dsi.controller.DashboardController]
2026-08-13T18:12:05.902Z DEBUG 22488 --- [dsi-dashboard-backend] [http-nio-8080-exec-9] horizationManagerBeforeMethodInterceptor : Authorized method invocation ReflectiveMethodInvocation: public org.springframework.http.ResponseEntity ma.gov.sante.dsi.controller.DashboardController.getStats(ma.gov.sante.dsi.model.Utilisateur); target is of class [ma.gov.sante.dsi.controller.DashboardController]
2026-08-13T18:12:05.903Z DEBUG 22488 --- [dsi-dashboard-backend] [http-nio-8080-exec-9] m.g.sante.dsi.service.DashboardService   : Calcul des statistiques pour l'agent id=3
2026-08-13T18:12:17.889Z DEBUG 22488 --- [dsi-dashboard-backend] [http-nio-8080-exec-1] o.s.security.web.FilterChainProxy        : Securing GET /dashboard/stats
2026-08-13T18:12:17.918Z DEBUG 22488 --- [dsi-dashboard-backend] [http-nio-8080-exec-1] org.hibernate.SQL                        : 
    select
        u1_0.id,
        u1_0.actif,
        u1_0.departement_id,
        u1_0.email,
        u1_0.mot_de_passe,
        u1_0.nom,
        u1_0.role 
    from
        utilisateurs u1_0 
    where
        u1_0.email=?
2026-08-13T18:12:17.945Z DEBUG 22488 --- [dsi-dashboard-backend] [http-nio-8080-exec-1] m.g.s.d.s.JwtAuthenticationFilter        : Utilisateur authentifié via JWT : ganameabdoulwahab.206@gmail.com | Rôle : [ROLE_AGENT]
2026-08-13T18:12:17.960Z DEBUG 22488 --- [dsi-dashboard-backend] [http-nio-8080-exec-1] o.s.security.web.FilterChainProxy        : Secured GET /dashboard/stats
2026-08-13T18:12:17.968Z DEBUG 22488 --- [dsi-dashboard-backend] [http-nio-8080-exec-1] horizationManagerBeforeMethodInterceptor : Authorizing method invocation ReflectiveMethodInvocation: public org.springframework.http.ResponseEntity ma.gov.sante.dsi.controller.DashboardController.getStats(ma.gov.sante.dsi.model.Utilisateur); target is of class [ma.gov.sante.dsi.controller.DashboardController]
2026-08-13T18:12:17.973Z DEBUG 22488 --- [dsi-dashboard-backend] [http-nio-8080-exec-1] horizationManagerBeforeMethodInterceptor : Authorized method invocation ReflectiveMethodInvocation: public org.springframework.http.ResponseEntity ma.gov.sante.dsi.controller.DashboardController.getStats(ma.gov.sante.dsi.model.Utilisateur); target is of class [ma.gov.sante.dsi.controller.DashboardController]
2026-08-13T18:12:17.973Z DEBUG 22488 --- [dsi-dashboard-backend] [http-nio-8080-exec-1] m.g.sante.dsi.service.DashboardService   : Calcul des statistiques pour l'agent id=3
2026-08-13T18:12:17.996Z DEBUG 22488 --- [dsi-dashboard-backend] [http-nio-8080-exec-2] o.s.security.web.FilterChainProxy        : Securing GET /dashboard/stats
2026-08-13T18:12:18.012Z DEBUG 22488 --- [dsi-dashboard-backend] [http-nio-8080-exec-2] org.hibernate.SQL                        : 
    select
        u1_0.id,
        u1_0.actif,
        u1_0.departement_id,
        u1_0.email,
        u1_0.mot_de_passe,
        u1_0.nom,
        u1_0.role 
    from
        utilisateurs u1_0 
    where
        u1_0.email=?
2026-08-13T18:12:18.067Z DEBUG 22488 --- [dsi-dashboard-backend] [http-nio-8080-exec-2] m.g.s.d.s.JwtAuthenticationFilter        : Utilisateur authentifié via JWT : ganameabdoulwahab.206@gmail.com | Rôle : [ROLE_AGENT]
2026-08-13T18:12:18.068Z DEBUG 22488 --- [dsi-dashboard-backend] [http-nio-8080-exec-2] o.s.security.web.FilterChainProxy        : Secured GET /dashboard/stats
2026-08-13T18:12:18.072Z DEBUG 22488 --- [dsi-dashboard-backend] [http-nio-8080-exec-2] horizationManagerBeforeMethodInterceptor : Authorizing method invocation ReflectiveMethodInvocation: public org.springframework.http.ResponseEntity ma.gov.sante.dsi.controller.DashboardController.getStats(ma.gov.sante.dsi.model.Utilisateur); target is of class [ma.gov.sante.dsi.controller.DashboardController]
2026-08-13T18:12:18.074Z DEBUG 22488 --- [dsi-dashboard-backend] [http-nio-8080-exec-2] horizationManagerBeforeMethodInterceptor : Authorized method invocation ReflectiveMethodInvocation: public org.springframework.http.ResponseEntity ma.gov.sante.dsi.controller.DashboardController.getStats(ma.gov.sante.dsi.model.Utilisateur); target is of class [ma.gov.sante.dsi.controller.DashboardController]
2026-08-13T18:12:18.075Z DEBUG 22488 --- [dsi-dashboard-backend] [http-nio-8080-exec-2] m.g.sante.dsi.service.DashboardService   : Calcul des statistiques pour l'agent id=3
2026-08-13T19:16:54.298Z  INFO 2748 --- [dsi-dashboard-backend] [main] m.gov.sante.dsi.DsiDashboardApplication  : Starting DsiDashboardApplication using Java 24.0.1 with PID 2748 (C:\Users\defaultuser0\Downloads\Projet DSI\backend\target\classes started by defaultuser0 in C:\Users\defaultuser0\Downloads\Projet DSI\backend)
2026-08-13T19:16:54.303Z DEBUG 2748 --- [dsi-dashboard-backend] [main] m.gov.sante.dsi.DsiDashboardApplication  : Running with Spring Boot v3.2.5, Spring v6.1.6
2026-08-13T19:16:54.305Z  INFO 2748 --- [dsi-dashboard-backend] [main] m.gov.sante.dsi.DsiDashboardApplication  : No active profile set, falling back to 1 default profile: "default"
2026-08-13T19:16:55.910Z  INFO 2748 --- [dsi-dashboard-backend] [main] .s.d.r.c.RepositoryConfigurationDelegate : Bootstrapping Spring Data JPA repositories in DEFAULT mode.
2026-08-13T19:16:56.067Z  INFO 2748 --- [dsi-dashboard-backend] [main] .s.d.r.c.RepositoryConfigurationDelegate : Finished Spring Data repository scanning in 125 ms. Found 5 JPA repository interfaces.
2026-08-13T19:16:57.325Z  INFO 2748 --- [dsi-dashboard-backend] [main] o.s.b.w.embedded.tomcat.TomcatWebServer  : Tomcat initialized with port 8080 (http)
2026-08-13T19:16:57.368Z  INFO 2748 --- [dsi-dashboard-backend] [main] o.apache.catalina.core.StandardService   : Starting service [Tomcat]
2026-08-13T19:16:57.369Z  INFO 2748 --- [dsi-dashboard-backend] [main] o.apache.catalina.core.StandardEngine    : Starting Servlet engine: [Apache Tomcat/10.1.20]
2026-08-13T19:16:57.521Z  INFO 2748 --- [dsi-dashboard-backend] [main] o.a.c.c.C.[Tomcat].[localhost].[/api]    : Initializing Spring embedded WebApplicationContext
2026-08-13T19:16:57.522Z  INFO 2748 --- [dsi-dashboard-backend] [main] w.s.c.ServletWebServerApplicationContext : Root WebApplicationContext: initialization completed in 3114 ms
2026-08-13T19:16:57.786Z  INFO 2748 --- [dsi-dashboard-backend] [main] o.hibernate.jpa.internal.util.LogHelper  : HHH000204: Processing PersistenceUnitInfo [name: default]
2026-08-13T19:16:57.911Z  INFO 2748 --- [dsi-dashboard-backend] [main] org.hibernate.Version                    : HHH000412: Hibernate ORM core version 6.4.4.Final
2026-08-13T19:16:57.996Z  INFO 2748 --- [dsi-dashboard-backend] [main] o.h.c.internal.RegionFactoryInitiator    : HHH000026: Second-level cache disabled
2026-08-13T19:16:58.425Z  INFO 2748 --- [dsi-dashboard-backend] [main] o.s.o.j.p.SpringPersistenceUnitInfo      : No LoadTimeWeaver setup: ignoring JPA class transformer
2026-08-13T19:16:58.471Z  INFO 2748 --- [dsi-dashboard-backend] [main] com.zaxxer.hikari.HikariDataSource       : HikariPool-1 - Starting...
2026-08-13T19:16:58.680Z  INFO 2748 --- [dsi-dashboard-backend] [main] com.zaxxer.hikari.pool.HikariPool        : HikariPool-1 - Added connection org.postgresql.jdbc.PgConnection@11abd6c
2026-08-13T19:16:58.683Z  INFO 2748 --- [dsi-dashboard-backend] [main] com.zaxxer.hikari.HikariDataSource       : HikariPool-1 - Start completed.
2026-08-13T19:16:58.770Z  WARN 2748 --- [dsi-dashboard-backend] [main] org.hibernate.orm.deprecation            : HHH90000025: PostgreSQLDialect does not need to be specified explicitly using 'hibernate.dialect' (remove the property setting and it will be selected by default)
2026-08-13T19:16:58.813Z DEBUG 2748 --- [dsi-dashboard-backend] [main] o.h.t.d.sql.spi.DdlTypeRegistry          : addDescriptor(2003, org.hibernate.type.descriptor.sql.internal.ArrayDdlTypeImpl@6003220a) replaced previous registration(org.hibernate.type.descriptor.sql.internal.ArrayDdlTypeImpl@16b64a03)
2026-08-13T19:16:58.815Z DEBUG 2748 --- [dsi-dashboard-backend] [main] o.h.t.d.sql.spi.DdlTypeRegistry          : addDescriptor(6, org.hibernate.type.descriptor.sql.internal.CapacityDependentDdlType@1584c019) replaced previous registration(org.hibernate.type.descriptor.sql.internal.DdlTypeImpl@3688baab)
2026-08-13T19:17:00.576Z  INFO 2748 --- [dsi-dashboard-backend] [main] o.h.e.t.j.p.i.JtaPlatformInitiator       : HHH000489: No JTA platform available (set 'hibernate.transaction.jta.platform' to enable JTA platform integration)
2026-08-13T19:17:00.964Z  INFO 2748 --- [dsi-dashboard-backend] [main] j.LocalContainerEntityManagerFactoryBean : Initialized JPA EntityManagerFactory for persistence unit 'default'
2026-08-13T19:17:01.537Z  INFO 2748 --- [dsi-dashboard-backend] [main] o.s.d.j.r.query.QueryEnhancerFactory     : Hibernate is in classpath; If applicable, HQL parser will be used.
2026-08-13T19:17:02.292Z DEBUG 2748 --- [dsi-dashboard-backend] [main] m.g.s.d.s.JwtAuthenticationFilter        : Filter 'jwtAuthenticationFilter' configured for use
2026-08-13T19:17:03.473Z  INFO 2748 --- [dsi-dashboard-backend] [main] o.s.s.web.DefaultSecurityFilterChain     : Will secure any request with [org.springframework.security.web.session.DisableEncodeUrlFilter@5608233b, org.springframework.security.web.context.request.async.WebAsyncManagerIntegrationFilter@11fd6f02, org.springframework.security.web.context.SecurityContextHolderFilter@d67f6f, org.springframework.security.web.header.HeaderWriterFilter@1990afa2, org.springframework.web.filter.CorsFilter@40aa9bae, org.springframework.security.web.authentication.logout.LogoutFilter@4702faee, ma.gov.sante.dsi.security.JwtAuthenticationFilter@57629340, org.springframework.security.web.savedrequest.RequestCacheAwareFilter@1b58788a, org.springframework.security.web.servletapi.SecurityContextHolderAwareRequestFilter@31881213, org.springframework.security.web.authentication.AnonymousAuthenticationFilter@6eb506d0, org.springframework.security.web.session.SessionManagementFilter@48e0e779, org.springframework.security.web.access.ExceptionTranslationFilter@399ef33f, org.springframework.security.web.access.intercept.AuthorizationFilter@5312940c]
2026-08-13T19:17:03.951Z  INFO 2748 --- [dsi-dashboard-backend] [main] o.s.b.w.embedded.tomcat.TomcatWebServer  : Tomcat started on port 8080 (http) with context path '/api'
2026-08-13T19:17:03.982Z  INFO 2748 --- [dsi-dashboard-backend] [main] m.gov.sante.dsi.DsiDashboardApplication  : Started DsiDashboardApplication in 10.609 seconds (process running for 11.616)
2026-08-13T19:42:55.510Z  INFO 2748 --- [dsi-dashboard-backend] [http-nio-8080-exec-1] o.a.c.c.C.[Tomcat].[localhost].[/api]    : Initializing Spring DispatcherServlet 'dispatcherServlet'
2026-08-13T19:42:55.538Z  INFO 2748 --- [dsi-dashboard-backend] [http-nio-8080-exec-1] o.s.web.servlet.DispatcherServlet        : Initializing Servlet 'dispatcherServlet'
2026-08-13T19:42:55.558Z  INFO 2748 --- [dsi-dashboard-backend] [http-nio-8080-exec-1] o.s.web.servlet.DispatcherServlet        : Completed initialization in 7 ms
2026-08-13T19:42:55.664Z DEBUG 2748 --- [dsi-dashboard-backend] [http-nio-8080-exec-1] o.s.security.web.FilterChainProxy        : Securing OPTIONS /auth/login
2026-08-13T19:42:55.763Z DEBUG 2748 --- [dsi-dashboard-backend] [http-nio-8080-exec-5] o.s.security.web.FilterChainProxy        : Securing POST /auth/login
2026-08-13T19:42:55.781Z DEBUG 2748 --- [dsi-dashboard-backend] [http-nio-8080-exec-5] o.s.s.w.a.AnonymousAuthenticationFilter  : Set SecurityContextHolder to anonymous SecurityContext
2026-08-13T19:42:55.794Z DEBUG 2748 --- [dsi-dashboard-backend] [http-nio-8080-exec-5] o.s.security.web.FilterChainProxy        : Secured POST /auth/login
2026-08-13T19:42:56.286Z  INFO 2748 --- [dsi-dashboard-backend] [http-nio-8080-exec-5] ma.gov.sante.dsi.service.AuthService     : Tentative de connexion pour l'email : ocean@gmail.com
2026-08-13T19:42:56.907Z DEBUG 2748 --- [dsi-dashboard-backend] [http-nio-8080-exec-5] org.hibernate.SQL                        : 
    select
        u1_0.id,
        u1_0.actif,
        u1_0.departement_id,
        u1_0.email,
        u1_0.mot_de_passe,
        u1_0.nom,
        u1_0.role 
    from
        utilisateurs u1_0 
    where
        u1_0.email=?
2026-08-13T19:42:57.229Z DEBUG 2748 --- [dsi-dashboard-backend] [http-nio-8080-exec-5] o.s.s.a.dao.DaoAuthenticationProvider    : Authenticated user
2026-08-13T19:42:57.233Z  INFO 2748 --- [dsi-dashboard-backend] [http-nio-8080-exec-5] ma.gov.sante.dsi.service.AuthService     : Connexion réussie pour : ocean@gmail.com | Rôle : AGENT
2026-08-13T19:42:57.906Z DEBUG 2748 --- [dsi-dashboard-backend] [http-nio-8080-exec-7] o.s.security.web.FilterChainProxy        : Securing OPTIONS /dashboard/stats
2026-08-13T19:42:57.907Z DEBUG 2748 --- [dsi-dashboard-backend] [http-nio-8080-exec-4] o.s.security.web.FilterChainProxy        : Securing OPTIONS /dashboard/stats
2026-08-13T19:42:57.917Z DEBUG 2748 --- [dsi-dashboard-backend] [http-nio-8080-exec-2] o.s.security.web.FilterChainProxy        : Securing GET /dashboard/stats
2026-08-13T19:42:57.919Z DEBUG 2748 --- [dsi-dashboard-backend] [http-nio-8080-exec-6] o.s.security.web.FilterChainProxy        : Securing GET /dashboard/stats
2026-08-13T19:42:58.106Z DEBUG 2748 --- [dsi-dashboard-backend] [http-nio-8080-exec-2] org.hibernate.SQL                        : 
    select
        u1_0.id,
        u1_0.actif,
        u1_0.departement_id,
        u1_0.email,
        u1_0.mot_de_passe,
        u1_0.nom,
        u1_0.role 
    from
        utilisateurs u1_0 
    where
        u1_0.email=?
2026-08-13T19:42:58.110Z DEBUG 2748 --- [dsi-dashboard-backend] [http-nio-8080-exec-6] org.hibernate.SQL                        : 
    select
        u1_0.id,
        u1_0.actif,
        u1_0.departement_id,
        u1_0.email,
        u1_0.mot_de_passe,
        u1_0.nom,
        u1_0.role 
    from
        utilisateurs u1_0 
    where
        u1_0.email=?
2026-08-13T19:42:58.131Z DEBUG 2748 --- [dsi-dashboard-backend] [http-nio-8080-exec-2] m.g.s.d.s.JwtAuthenticationFilter        : Utilisateur authentifié via JWT : ocean@gmail.com | Rôle : [ROLE_AGENT]
2026-08-13T19:42:58.134Z DEBUG 2748 --- [dsi-dashboard-backend] [http-nio-8080-exec-2] o.s.security.web.FilterChainProxy        : Secured GET /dashboard/stats
2026-08-13T19:42:58.148Z DEBUG 2748 --- [dsi-dashboard-backend] [http-nio-8080-exec-6] m.g.s.d.s.JwtAuthenticationFilter        : Utilisateur authentifié via JWT : ocean@gmail.com | Rôle : [ROLE_AGENT]
2026-08-13T19:42:58.150Z DEBUG 2748 --- [dsi-dashboard-backend] [http-nio-8080-exec-6] o.s.security.web.FilterChainProxy        : Secured GET /dashboard/stats
2026-08-13T19:42:58.161Z DEBUG 2748 --- [dsi-dashboard-backend] [http-nio-8080-exec-6] horizationManagerBeforeMethodInterceptor : Authorizing method invocation ReflectiveMethodInvocation: public org.springframework.http.ResponseEntity ma.gov.sante.dsi.controller.DashboardController.getStats(ma.gov.sante.dsi.model.Utilisateur); target is of class [ma.gov.sante.dsi.controller.DashboardController]
2026-08-13T19:42:58.159Z DEBUG 2748 --- [dsi-dashboard-backend] [http-nio-8080-exec-2] horizationManagerBeforeMethodInterceptor : Authorizing method invocation ReflectiveMethodInvocation: public org.springframework.http.ResponseEntity ma.gov.sante.dsi.controller.DashboardController.getStats(ma.gov.sante.dsi.model.Utilisateur); target is of class [ma.gov.sante.dsi.controller.DashboardController]
2026-08-13T19:42:58.217Z DEBUG 2748 --- [dsi-dashboard-backend] [http-nio-8080-exec-2] horizationManagerBeforeMethodInterceptor : Authorized method invocation ReflectiveMethodInvocation: public org.springframework.http.ResponseEntity ma.gov.sante.dsi.controller.DashboardController.getStats(ma.gov.sante.dsi.model.Utilisateur); target is of class [ma.gov.sante.dsi.controller.DashboardController]
2026-08-13T19:42:58.217Z DEBUG 2748 --- [dsi-dashboard-backend] [http-nio-8080-exec-6] horizationManagerBeforeMethodInterceptor : Authorized method invocation ReflectiveMethodInvocation: public org.springframework.http.ResponseEntity ma.gov.sante.dsi.controller.DashboardController.getStats(ma.gov.sante.dsi.model.Utilisateur); target is of class [ma.gov.sante.dsi.controller.DashboardController]
2026-08-13T19:42:58.224Z DEBUG 2748 --- [dsi-dashboard-backend] [http-nio-8080-exec-6] m.g.sante.dsi.service.DashboardService   : Calcul des statistiques pour l'agent id=2
2026-08-13T19:42:58.224Z DEBUG 2748 --- [dsi-dashboard-backend] [http-nio-8080-exec-2] m.g.sante.dsi.service.DashboardService   : Calcul des statistiques pour l'agent id=2
2026-08-13T19:43:21.730Z DEBUG 2748 --- [dsi-dashboard-backend] [http-nio-8080-exec-3] o.s.security.web.FilterChainProxy        : Securing OPTIONS /taches/mes-taches
2026-08-13T19:43:21.730Z DEBUG 2748 --- [dsi-dashboard-backend] [http-nio-8080-exec-8] o.s.security.web.FilterChainProxy        : Securing OPTIONS /taches/mes-taches
2026-08-13T19:43:21.755Z DEBUG 2748 --- [dsi-dashboard-backend] [http-nio-8080-exec-3] o.s.security.web.FilterChainProxy        : Securing GET /taches/mes-taches
2026-08-13T19:43:21.767Z DEBUG 2748 --- [dsi-dashboard-backend] [http-nio-8080-exec-9] o.s.security.web.FilterChainProxy        : Securing GET /taches/mes-taches
2026-08-13T19:43:21.798Z DEBUG 2748 --- [dsi-dashboard-backend] [http-nio-8080-exec-3] org.hibernate.SQL                        : 
    select
        u1_0.id,
        u1_0.actif,
        u1_0.departement_id,
        u1_0.email,
        u1_0.mot_de_passe,
        u1_0.nom,
        u1_0.role 
    from
        utilisateurs u1_0 
    where
        u1_0.email=?
2026-08-13T19:43:21.812Z DEBUG 2748 --- [dsi-dashboard-backend] [http-nio-8080-exec-9] org.hibernate.SQL                        : 
    select
        u1_0.id,
        u1_0.actif,
        u1_0.departement_id,
        u1_0.email,
        u1_0.mot_de_passe,
        u1_0.nom,
        u1_0.role 
    from
        utilisateurs u1_0 
    where
        u1_0.email=?
2026-08-13T19:43:21.833Z DEBUG 2748 --- [dsi-dashboard-backend] [http-nio-8080-exec-3] m.g.s.d.s.JwtAuthenticationFilter        : Utilisateur authentifié via JWT : ocean@gmail.com | Rôle : [ROLE_AGENT]
2026-08-13T19:43:21.841Z DEBUG 2748 --- [dsi-dashboard-backend] [http-nio-8080-exec-3] o.s.security.web.FilterChainProxy        : Secured GET /taches/mes-taches
2026-08-13T19:43:21.850Z DEBUG 2748 --- [dsi-dashboard-backend] [http-nio-8080-exec-9] m.g.s.d.s.JwtAuthenticationFilter        : Utilisateur authentifié via JWT : ocean@gmail.com | Rôle : [ROLE_AGENT]
2026-08-13T19:43:21.852Z DEBUG 2748 --- [dsi-dashboard-backend] [http-nio-8080-exec-9] o.s.security.web.FilterChainProxy        : Secured GET /taches/mes-taches
2026-08-13T19:43:21.886Z DEBUG 2748 --- [dsi-dashboard-backend] [http-nio-8080-exec-9] org.hibernate.SQL                        : 
    select
        t1_0.id,
        t1_0.date_echeance,
        t1_0.description,
        t1_0.priorite,
        t1_0.projet_id,
        t1_0.statut,
        t1_0.utilisateur_id 
    from
        taches t1_0 
    left join
        utilisateurs u1_0 
            on u1_0.id=t1_0.utilisateur_id 
    where
        u1_0.id=?
2026-08-13T19:43:21.886Z DEBUG 2748 --- [dsi-dashboard-backend] [http-nio-8080-exec-3] org.hibernate.SQL                        : 
    select
        t1_0.id,
        t1_0.date_echeance,
        t1_0.description,
        t1_0.priorite,
        t1_0.projet_id,
        t1_0.statut,
        t1_0.utilisateur_id 
    from
        taches t1_0 
    left join
        utilisateurs u1_0 
            on u1_0.id=t1_0.utilisateur_id 
    where
        u1_0.id=?
2026-08-13T19:46:16.757Z DEBUG 2748 --- [dsi-dashboard-backend] [http-nio-8080-exec-7] o.s.security.web.FilterChainProxy        : Securing GET /taches/mes-taches
2026-08-13T19:46:16.759Z DEBUG 2748 --- [dsi-dashboard-backend] [http-nio-8080-exec-4] o.s.security.web.FilterChainProxy        : Securing GET /taches/mes-taches
2026-08-13T19:46:16.780Z DEBUG 2748 --- [dsi-dashboard-backend] [http-nio-8080-exec-4] org.hibernate.SQL                        : 
    select
        u1_0.id,
        u1_0.actif,
        u1_0.departement_id,
        u1_0.email,
        u1_0.mot_de_passe,
        u1_0.nom,
        u1_0.role 
    from
        utilisateurs u1_0 
    where
        u1_0.email=?
2026-08-13T19:46:16.780Z DEBUG 2748 --- [dsi-dashboard-backend] [http-nio-8080-exec-7] org.hibernate.SQL                        : 
    select
        u1_0.id,
        u1_0.actif,
        u1_0.departement_id,
        u1_0.email,
        u1_0.mot_de_passe,
        u1_0.nom,
        u1_0.role 
    from
        utilisateurs u1_0 
    where
        u1_0.email=?
2026-08-13T19:46:16.797Z DEBUG 2748 --- [dsi-dashboard-backend] [http-nio-8080-exec-7] m.g.s.d.s.JwtAuthenticationFilter        : Utilisateur authentifié via JWT : ocean@gmail.com | Rôle : [ROLE_AGENT]
2026-08-13T19:46:16.797Z DEBUG 2748 --- [dsi-dashboard-backend] [http-nio-8080-exec-4] m.g.s.d.s.JwtAuthenticationFilter        : Utilisateur authentifié via JWT : ocean@gmail.com | Rôle : [ROLE_AGENT]
2026-08-13T19:46:16.798Z DEBUG 2748 --- [dsi-dashboard-backend] [http-nio-8080-exec-4] o.s.security.web.FilterChainProxy        : Secured GET /taches/mes-taches
2026-08-13T19:46:16.798Z DEBUG 2748 --- [dsi-dashboard-backend] [http-nio-8080-exec-7] o.s.security.web.FilterChainProxy        : Secured GET /taches/mes-taches
2026-08-13T19:46:16.808Z DEBUG 2748 --- [dsi-dashboard-backend] [http-nio-8080-exec-7] org.hibernate.SQL                        : 
    select
        t1_0.id,
        t1_0.date_echeance,
        t1_0.description,
        t1_0.priorite,
        t1_0.projet_id,
        t1_0.statut,
        t1_0.utilisateur_id 
    from
        taches t1_0 
    left join
        utilisateurs u1_0 
            on u1_0.id=t1_0.utilisateur_id 
    where
        u1_0.id=?
2026-08-13T19:46:16.808Z DEBUG 2748 --- [dsi-dashboard-backend] [http-nio-8080-exec-4] org.hibernate.SQL                        : 
    select
        t1_0.id,
        t1_0.date_echeance,
        t1_0.description,
        t1_0.priorite,
        t1_0.projet_id,
        t1_0.statut,
        t1_0.utilisateur_id 
    from
        taches t1_0 
    left join
        utilisateurs u1_0 
            on u1_0.id=t1_0.utilisateur_id 
    where
        u1_0.id=?
2026-08-13T19:46:17.731Z DEBUG 2748 --- [dsi-dashboard-backend] [http-nio-8080-exec-2] o.s.security.web.FilterChainProxy        : Securing GET /dashboard/stats
2026-08-13T19:46:17.737Z DEBUG 2748 --- [dsi-dashboard-backend] [http-nio-8080-exec-6] o.s.security.web.FilterChainProxy        : Securing GET /dashboard/stats
2026-08-13T19:46:17.759Z DEBUG 2748 --- [dsi-dashboard-backend] [http-nio-8080-exec-6] org.hibernate.SQL                        : 
    select
        u1_0.id,
        u1_0.actif,
        u1_0.departement_id,
        u1_0.email,
        u1_0.mot_de_passe,
        u1_0.nom,
        u1_0.role 
    from
        utilisateurs u1_0 
    where
        u1_0.email=?
2026-08-13T19:46:17.759Z DEBUG 2748 --- [dsi-dashboard-backend] [http-nio-8080-exec-2] org.hibernate.SQL                        : 
    select
        u1_0.id,
        u1_0.actif,
        u1_0.departement_id,
        u1_0.email,
        u1_0.mot_de_passe,
        u1_0.nom,
        u1_0.role 
    from
        utilisateurs u1_0 
    where
        u1_0.email=?
2026-08-13T19:46:17.790Z DEBUG 2748 --- [dsi-dashboard-backend] [http-nio-8080-exec-2] m.g.s.d.s.JwtAuthenticationFilter        : Utilisateur authentifié via JWT : ocean@gmail.com | Rôle : [ROLE_AGENT]
2026-08-13T19:46:17.792Z DEBUG 2748 --- [dsi-dashboard-backend] [http-nio-8080-exec-2] o.s.security.web.FilterChainProxy        : Secured GET /dashboard/stats
2026-08-13T19:46:17.800Z DEBUG 2748 --- [dsi-dashboard-backend] [http-nio-8080-exec-6] m.g.s.d.s.JwtAuthenticationFilter        : Utilisateur authentifié via JWT : ocean@gmail.com | Rôle : [ROLE_AGENT]
2026-08-13T19:46:17.800Z DEBUG 2748 --- [dsi-dashboard-backend] [http-nio-8080-exec-6] o.s.security.web.FilterChainProxy        : Secured GET /dashboard/stats
2026-08-13T19:46:17.800Z DEBUG 2748 --- [dsi-dashboard-backend] [http-nio-8080-exec-2] horizationManagerBeforeMethodInterceptor : Authorizing method invocation ReflectiveMethodInvocation: public org.springframework.http.ResponseEntity ma.gov.sante.dsi.controller.DashboardController.getStats(ma.gov.sante.dsi.model.Utilisateur); target is of class [ma.gov.sante.dsi.controller.DashboardController]
2026-08-13T19:46:17.806Z DEBUG 2748 --- [dsi-dashboard-backend] [http-nio-8080-exec-2] horizationManagerBeforeMethodInterceptor : Authorized method invocation ReflectiveMethodInvocation: public org.springframework.http.ResponseEntity ma.gov.sante.dsi.controller.DashboardController.getStats(ma.gov.sante.dsi.model.Utilisateur); target is of class [ma.gov.sante.dsi.controller.DashboardController]
2026-08-13T19:46:17.806Z DEBUG 2748 --- [dsi-dashboard-backend] [http-nio-8080-exec-6] horizationManagerBeforeMethodInterceptor : Authorizing method invocation ReflectiveMethodInvocation: public org.springframework.http.ResponseEntity ma.gov.sante.dsi.controller.DashboardController.getStats(ma.gov.sante.dsi.model.Utilisateur); target is of class [ma.gov.sante.dsi.controller.DashboardController]
2026-08-13T19:46:17.807Z DEBUG 2748 --- [dsi-dashboard-backend] [http-nio-8080-exec-6] horizationManagerBeforeMethodInterceptor : Authorized method invocation ReflectiveMethodInvocation: public org.springframework.http.ResponseEntity ma.gov.sante.dsi.controller.DashboardController.getStats(ma.gov.sante.dsi.model.Utilisateur); target is of class [ma.gov.sante.dsi.controller.DashboardController]
2026-08-13T19:46:17.808Z DEBUG 2748 --- [dsi-dashboard-backend] [http-nio-8080-exec-2] m.g.sante.dsi.service.DashboardService   : Calcul des statistiques pour l'agent id=2
2026-08-13T19:46:17.815Z DEBUG 2748 --- [dsi-dashboard-backend] [http-nio-8080-exec-6] m.g.sante.dsi.service.DashboardService   : Calcul des statistiques pour l'agent id=2
